#-----------------------------------------------------------
# Vivado v2024.1 (64-bit)
# SW Build 5076996 on Wed May 22 18:37:14 MDT 2024
# IP Build 5075265 on Wed May 22 21:45:21 MDT 2024
# SharedData Build 5076995 on Wed May 22 18:29:18 MDT 2024
# Start of session at: Tue Mar 25 18:55:18 2025
# Process ID: 5956
# Current directory: C:/Users/zhanggenqi/Desktop/DSP_in_VLSI/HW2/VIVADO/DSP_in_VLSI_HW2_original_v1
# Command line: vivado.exe -gui_launcher_event rodinguilauncherevent21112 C:\Users\zhanggenqi\Desktop\DSP_in_VLSI\HW2\VIVADO\DSP_in_VLSI_HW2_original_v1\DSP_in_VLSI_HW2_original_v1.xpr
# Log file: C:/Users/zhanggenqi/Desktop/DSP_in_VLSI/HW2/VIVADO/DSP_in_VLSI_HW2_original_v1/vivado.log
# Journal file: C:/Users/zhanggenqi/Desktop/DSP_in_VLSI/HW2/VIVADO/DSP_in_VLSI_HW2_original_v1\vivado.jou
# Running On        :DESKTOP-T5CR5M4
# Platform          :Windows Server 2016 or Windows 10
# Operating System  :26100
# Processor Detail  :12th Gen Intel(R) Core(TM) i5-12500
# CPU Frequency     :2995 MHz
# CPU Physical cores:6
# CPU Logical cores :12
# Host memory       :16905 MB
# Swap memory       :3456 MB
# Total Virtual     :20361 MB
# Available Virtual :5229 MB
#-----------------------------------------------------------
start_gui
open_project C:/Users/zhanggenqi/Desktop/DSP_in_VLSI/HW2/VIVADO/DSP_in_VLSI_HW2_original_v1/DSP_in_VLSI_HW2_original_v1.xpr
update_compile_order -fileset sources_1
launch_simulation
open_wave_config C:/Users/zhanggenqi/Desktop/DSP_in_VLSI/HW2/VIVADO/DSP_in_VLSI_HW2_original_v1/waveform/testbench_behav.wcfg
source testbench.tcl
current_wave_config {testbench_behav.wcfg}
add_wave {{/testbench/clk}} {{/testbench/rst}} {{/testbench/ValidIn}} {{/testbench/FilterIn}} {{/testbench/FilterIn1}} {{/testbench/FilterIn2}} {{/testbench/FilterOut}} {{/testbench/FilterOut1}} {{/testbench/FilterOut2}} {{/testbench/ValidOut}} {{/testbench/input_data}} {{/testbench/pattern_idx_in}} {{/testbench/input_end}} {{/testbench/f}} {{/testbench/INPUT_DATA_W}} {{/testbench/OUTPUT_DATA_W}} 
restart
run 10 us
close_sim
launch_simulation
open_wave_config C:/Users/zhanggenqi/Desktop/DSP_in_VLSI/HW2/VIVADO/DSP_in_VLSI_HW2_original_v1/waveform/testbench_behav.wcfg
source testbench.tcl
close_sim
